../Core/Src/main.c:115:6:Motor_Set	24	static
../Core/Src/main.c:149:6:MotorTask	16	static
../Core/Src/main.c:162:6:KinematicsTask	24	static
../Core/Src/main.c:177:6:ESP8266_SendCommand	16	static
../Core/Src/main.c:183:6:ESP8266_ReadResponse	16	static
../Core/Src/main.c:204:6:HAL_UART_RxCpltCallback	24	static
../Core/Src/main.c:227:6:showIP_task	56	static
../Core/Src/main.c:356:6:EncoderTask	32	static
../Core/Src/main.c:384:6:MonitorTask	216	static
../Core/Src/main.c:405:6:HAL_GPIO_EXIT_Callback	24	static
../Core/Src/main.c:418:6:OLED_Task	56	static
../Core/Src/main.c:449:5:main	16	static
../Core/Src/main.c:519:6:SystemClock_Config	88	static
../Core/Src/main.c:566:13:MX_I2C1_Init	8	static
../Core/Src/main.c:600:13:MX_TIM1_Init	56	static
../Core/Src/main.c:650:13:MX_TIM2_Init	56	static
../Core/Src/main.c:699:13:MX_TIM3_Init	64	static
../Core/Src/main.c:762:13:MX_TIM4_Init	64	static
../Core/Src/main.c:825:13:MX_TIM5_Init	56	static
../Core/Src/main.c:874:13:MX_TIM8_Init	56	static
../Core/Src/main.c:924:13:MX_USART2_UART_Init	8	static
../Core/Src/main.c:957:13:MX_USART3_UART_Init	8	static
../Core/Src/main.c:990:13:MX_GPIO_Init	56	static
../Core/Src/main.c:1126:6:HAL_TIM_PeriodElapsedCallback	16	static
../Core/Src/main.c:1143:6:Error_Handler	4	static,ignoring_inline_asm
